<html>
<body>
<pre>
<h1>µVision Build Log</h1>
<h2>Tool Versions:</h2>
IDE-Version: ¦ÌVision V5.16a
Copyright (C) 2015 ARM Ltd and ARM Germany GmbH. All rights reserved.
License Information: 1 1, 1, LIC=P6F8T-RP4BE-PHL89-43FRR-4NU04-QHASA
 
Tool Versions:
Toolchain:       MDK-ARM Professional  Version: 5.16a
Toolchain Path:  d:\Keil_v5\ARM\ARMCC\Bin
C Compiler:      Armcc.exe V5.06 (build 20)
Assembler:       Armasm.exe V5.06 (build 20)
Linker/Locator:  ArmLink.exe V5.06 (build 20)
Library Manager: ArmAr.exe V5.06 (build 20)
Hex Converter:   FromElf.exe V5.06 (build 20)
CPU DLL:         SARMCM3.DLL V5.16a
Dialog DLL:      DCM.DLL V1.13.2.0
Target DLL:      Segger\JL2CM3.dll V2.99.15.2
Dialog DLL:      TCM.DLL V1.14.5.0
 
<h2>Project:</h2>
C:\Users\Ry\Desktop\myCode\Ò£¿ØÆ÷\Project\MDK-ARM\Project.uvprojx
Project File Date:  09/16/2016

<h2>Output:</h2>
*** Using Compiler 'V5.06 (build 20)', folder: 'd:\Keil_v5\ARM\ARMCC\Bin'
Build target 'Template_Project'
compiling readme.c...
compiling bsp.c...
compiling app.c...
compiling stm32f10x_it.c...
compiling Rsing_Beep.c...
..\..\Includes\Rsing_Beep.h(23): warning:  #1215-D: #warning directive: "IO_BEEP not define, so defined PE(12)."
   #warning "IO_BEEP not define, so defined PE(12)."
..\..\Includes\Rsing_Beep.c: 1 warning, 0 errors
compiling main.c...
compiling Rsing_12864.c...
..\..\Includes\Rsing_12864.c(271): warning:  #177-D: function "LCD_delayUs" was declared but never referenced
  static void LCD_delayUs(uint16_t us)//MAX = 1820
..\..\Includes\Rsing_12864.c: 1 warning, 0 errors
compiling Rsing_Led.c...
compiling serial.c...
compiling misc.c...
compiling comtest.c...
compiling stm32f10x_bkp.c...
compiling stm32f10x_adc.c...
compiling ry_usart_dma.c...
compiling ry_adc.c...
compiling stm32f10x_cec.c...
compiling stm32f10x_dac.c...
compiling stm32f10x_can.c...
compiling stm32f10x_dbgmcu.c...
compiling stm32f10x_crc.c...
compiling stm32f10x_dma.c...
compiling stm32f10x_exti.c...
compiling stm32f10x_i2c.c...
compiling stm32f10x_flash.c...
compiling stm32f10x_gpio.c...
compiling stm32f10x_iwdg.c...
compiling stm32f10x_pwr.c...
compiling stm32f10x_fsmc.c...
compiling stm32f10x_rcc.c...
compiling stm32f10x_rtc.c...
compiling stm32f10x_usart.c...
compiling stm32f10x_sdio.c...
compiling stm32f10x_spi.c...
compiling stm32f10x_wwdg.c...
compiling stm32f10x_tim.c...
compiling stm32f10x_tim1.c...
compiling croutine.c...
compiling event_groups.c...
compiling system_stm32f10x.c...
compiling list.c...
compiling queue.c...
compiling tasks.c...
compiling heap_2.c...
compiling timers.c...
assembling startup_stm32f10x_hd.s...
compiling port.c...
linking...
Program Size: Code=20468 RO-data=344 RW-data=160 ZI-data=19152  
".\STM32F10x\Project.axf" - 0 Error(s), 2 Warning(s).

<h2>Software Packages used:</h2>

Package Vendor: ARM
                http://www.keil.com/pack/ARM.CMSIS.4.3.0.pack
                ARM::CMSIS:CORE:4.1.0
                CMSIS (Cortex Microcontroller Software Interface Standard)
   * Component: CORE Version: 4.1.0

<h2>Collection of Component include folders:</h2>
  C:\Users\Ry\Desktop\myCode\Ò£¿ØÆ÷\Project\MDK-ARM\RTE
  d:\Keil_v5\ARM\PACK\ARM\CMSIS\4.3.0\CMSIS\Include
  d:\Keil_v5\ARM\PACK\Keil\STM32F1xx_DFP\1.1.0\Device\Include

<h2>Collection of Component Files used:</h2>

   * Component: ARM::CMSIS:CORE:4.1.0
Build Time Elapsed:  00:00:10
</pre>
</body>
</html>
